// Jest Snapshot v1, https://goo.gl/fbAQLP

exports[`should test 1`] = `
Array [
  .c0 {
  background: red;
}

<h1
    class="c0"
  />,
]
`;
